{
  "stem": "0.hook",
  "HookHash": "78BE208AC93C9AF660231403B9A1AD7AB4632B7564F98B588A070E39486AAACC",
  "size": 754,
  "sha256": "b1725cc581523f6d643a6a6b7702de3f74901ca7be97932bf8801eb44d55eb2f",
  "platforms": {
    "linux/amd64": {
      "recipe": "hookc-llvm22-amd64",
      "recipe_digest": "200e217e8d87462471c4967270439f3653fb37f2548ee418c50ff350a0efaf49",
      "image_id": "sha256:a7797b4744b3330aa7a54d6311b62550b09c97379f4de26c8e8337865dbfcadd",
      "builds_identical": true
    },
    "linux/arm64": {
      "recipe": "hookc-llvm22",
      "recipe_digest": "bec4ac890d33d5e3fa920e5d696b2a12eb4dce55de9d93e5f2827db0bc28cfc2",
      "image_id": "sha256:84af5edf861f9aa7a9efb0906e4764a397b295b4f09ba3db29a11565102840b1",
      "builds_identical": true
    }
  },
  "WCE": {
    "hook": 133,
    "cbak": 7
  },
  "wce_reason": null,
  "warnings": [],
  "source": {
    "vcs": {
      "type": "git",
      "commit": "0a10b61b4f361384395a00ebc56e585f8389627f",
      "path": "",
      "tree": "ce026102306391a66f310e4838958481596277db",
      "dirty": false
    },
    "tree_sha256": "be7d5a118f7141de298b0acb46ec4b6a35cd29cfdfd32efa0d987f48dd9a3bb8",
    "file_count": 12,
    "entry": "claimReward.c"
  }
}
