genuine commit 82b6c4036a771f4e63dfb2f974422c62db5f516a tree ea33d2692025fb19debd6f400969433d54fee415; replacement tree c938c2fd581734e699d4342f3cefaf5fac9e274b (refs/replace/ea33d2692025fb19debd6f400969433d54fee415)
commit object unchanged: tree ea33d2692025fb19debd6f400969433d54fee415  (== tree ea33d2692025fb19debd6f400969433d54fee415)
hookc build exit=0
sidecar HookHash D3C4280E1F4AE261BB38BC3130A47BCEFA8B18016A4714020EBF96D65520455E vcs {'type': 'git', 'commit': '82b6c4036a771f4e63dfb2f974422c62db5f516a', 'path': '', 'tree': 'ea33d2692025fb19debd6f400969433d54fee415', 'dirty': False}
VERDICT: REPRODUCED
reason:  two clean linux/arm64 rebuilds of git 82b6c4036a77:. are byte-identical, HookHash D3C4280E1F4AE261BB38BC3130A47BCEFA8B18016A4714020EBF96D65520455E, sidecar regenerated byte-identical
reproduce --src <repo> exit=0
VERDICT: REPRODUCED
reason:  two clean linux/arm64 rebuilds of git 82b6c4036a77:. are byte-identical, HookHash D3C4280E1F4AE261BB38BC3130A47BCEFA8B18016A4714020EBF96D65520455E, sidecar regenerated byte-identical
reproduce --git <repo> exit=0
VERDICT: MISMATCH
reason:  rebuilt HookHash FA5FA33200BEAAB217646AF0B8529C6025BFD410CC2FEFCF2F52957F70918B8C != metadata HookHash D3C4280E1F4AE261BB38BC3130A47BCEFA8B18016A4714020EBF96D65520455E
reproduce --git <clean clone of same commit> exit=2
VERDICT: MISMATCH
reason:  rebuilt HookHash FA5FA33200BEAAB217646AF0B8529C6025BFD410CC2FEFCF2F52957F70918B8C != metadata HookHash D3C4280E1F4AE261BB38BC3130A47BCEFA8B18016A4714020EBF96D65520455E
reproduce with GIT_NO_REPLACE_OBJECTS=1 exit=2
mirror has: refs/replace/ea33d2692025fb19debd6f400969433d54fee415
VERDICT: REPRODUCED
reason:  two clean linux/arm64 rebuilds of git 82b6c4036a77:. are byte-identical, HookHash D3C4280E1F4AE261BB38BC3130A47BCEFA8B18016A4714020EBF96D65520455E, sidecar regenerated byte-identical
reproduce --git <git clone --mirror> exit=0
