{
  "stem": "0.hook",
  "HookHash": "78BE208AC93C9AF660231403B9A1AD7AB4632B7564F98B588A070E39486AAACC",
  "size": 754,
  "sha256": "b1725cc581523f6d643a6a6b7702de3f74901ca7be97932bf8801eb44d55eb2f",
  "platforms": {
    "linux/amd64": {
      "recipe": "hookc-llvm22-amd64",
      "recipe_digest": "f0fb234f786e484156c0050b79592af90d2ed12a0608bf83177c0b51932ae649",
      "image_id": "sha256:e123e05b2e96ee42dd4017267de5c52241130f8e58b0514f68c9c250ce5b7c35",
      "builds_identical": true
    },
    "linux/arm64": {
      "recipe": "hookc-llvm22",
      "recipe_digest": "7037f6c2d4563354af86ea7b8176e527f18ec4903a7d063cb79b44a040975c60",
      "image_id": "sha256:8ec264f7cd34d376cb1df29dba071c3e8f108982de41aedb8821c499fc619550",
      "builds_identical": true
    }
  },
  "WCE": {
    "hook": 133,
    "cbak": 7
  },
  "wce_reason": null,
  "warnings": [],
  "source": {
    "vcs": {
      "type": "git",
      "commit": "0a10b61b4f361384395a00ebc56e585f8389627f",
      "path": "",
      "tree": "ce026102306391a66f310e4838958481596277db",
      "dirty": false
    },
    "tree_sha256": "be7d5a118f7141de298b0acb46ec4b6a35cd29cfdfd32efa0d987f48dd9a3bb8",
    "file_count": 12,
    "entry": "claimReward.c"
  }
}
