target 2252a53
### rt/fp1_fp2_unchecked_source_fields
script exit=0
### rt/fp3_verify_ignores_metadata
script exit=1
### rt/fp4_worktree_provenance
script exit=0
### rt/fp5_casefold_export
script exit=0
### rt/fp6_preset_label
script exit=0
### rt/f6_tree_hash_ignored_dirs
script exit=1
### rt/fn1_autocrlf
script exit=0
### rt/c1_export_path_escape
script exit=0
### rt/c2_non_utf8_name
script exit=0
### rt/l1_fetch_selfreported_node
script exit=0
### rt/l2_cache_trusted
script exit=1
### rt/compat_roundtrip
script exit=0
### rt2/n1_replace_objects_e2e
script exit=0
### rt2/n1_replace_export
script exit=0
### rt2/n1b_planted_tree_object
script exit=0
### rt2/n1c_evil_sidecar_after_fix
script exit=0
### rt2/n2_filename_flag_injection
script exit=0
### rt2/n3_ident_worktree_divergence
script exit=1
### rt2/n5_host_kernel_embed
script exit=0
### rt2/n5b_computed_include_jail
script exit=0
### rt2/n6_platforms_not_built
script exit=0
### rt2/n4_definition_hookon
script exit=1
### rt2/n7_timeout_crash
script exit=0
run_all exit=0
