[90m11:02AM[0m [32mINF[0m [1m0 commits scanned.[0m
[90m11:02AM[0m [32mINF[0m [1mscanned ~143 bytes (143 bytes) in 23.5ms[0m
[90m11:02AM[0m [32mINF[0m [1mno leaks found[0m
commit 056725da64305f9ffdfd1ded253c8d87dea4494c tree:
100644 blob c62507236f1ba9e0a362e7a7276f792d968f991f	Cfg.h
100644 blob a337946827ae38adc037e46c4444368fc9e96c82	cfg.h
100644 blob e2ecda175a8722e34af2566558494ccb10770aa1	hook.c
  git show X:Cfg.h => #define LIMIT 10
macOS hookc build --git exit=3
ls: <scratchpad>/rt3fix/rerun-after/rt/work-fp5/mac: No such file or directory
Traceback (most recent call last):
  File "<string>", line 1, in <module>
    import json;d=json.load(open('<scratchpad>/rt3fix/rerun-after/rt/work-fp5/mac/0.hook.metadata.json'));print('mac HookHash',d['HookHash'],'vcs.commit',d['source']['vcs']['commit'],'file_count',d['source']['file_count'])
                            ~~~~^^^^^^^^^^^^^^^^^^^^^^^^^^^^^^^^^^^^^^^^^^^^^^^^^^^^^^^^^^^^^^^^^^^^^^^^^^^^^^^^^^^^^^^^^^^^^^^^^^^^^^^^^^^^^^^^^^^^^^^^^^^^^^^^^^^^^^^^^^^^^^^^^^^^
FileNotFoundError: [Errno 2] No such file or directory: '<scratchpad>/rt3fix/rerun-after/rt/work-fp5/mac/0.hook.metadata.json'
macOS reproduce --git exit=3
UNVERIFIED: build error: cannot read metadata <scratchpad>/rt3fix/rerun-after/rt/work-fp5/mac/0.hook.metadata.json: [Errno 2] No such file or directory: '<scratchpad>/rt3fix/rerun-after/rt/work-fp5/mac/0.hook.metadata.json'
[90m11:02AM[0m [32mINF[0m [1m0 commits scanned.[0m
[90m11:02AM[0m [32mINF[0m [1mscanned ~121 bytes (121 bytes) in 23.1ms[0m
[90m11:02AM[0m [32mINF[0m [1mno leaks found[0m
reference build exit=0
reference (Linux-equivalent) HookHash FA5FA33200BEAAB217646AF0B8529C6025BFD410CC2FEFCF2F52957F70918B8C
