[90m11:02AM[0m [32mINF[0m [1m0 commits scanned.[0m
[90m11:02AM[0m [32mINF[0m [1mscanned ~113 bytes (113 bytes) in 20.7ms[0m
[90m11:02AM[0m [32mINF[0m [1mno leaks found[0m
genuine commit 559d721f817c9a9c5598f449c6cb8aabeaef7052 tree ea33d2692025fb19debd6f400969433d54fee415; replacement tree c938c2fd581734e699d4342f3cefaf5fac9e274b (refs/replace/ea33d2692025fb19debd6f400969433d54fee415)
commit object unchanged: tree ea33d2692025fb19debd6f400969433d54fee415  (== tree ea33d2692025fb19debd6f400969433d54fee415)
hookc build exit=0
sidecar HookHash FA5FA33200BEAAB217646AF0B8529C6025BFD410CC2FEFCF2F52957F70918B8C vcs {'type': 'git', 'commit': '559d721f817c9a9c5598f449c6cb8aabeaef7052', 'path': '', 'tree': 'ea33d2692025fb19debd6f400969433d54fee415', 'dirty': False}
VERDICT: REPRODUCED
reason:  two clean rebuilds on each of linux/arm64 of git 559d721f817c:. are byte-identical, HookHash FA5FA33200BEAAB217646AF0B8529C6025BFD410CC2FEFCF2F52957F70918B8C, sidecar regenerated byte-identical; builder.platforms_built linux/arm64 is the original build's record, NOT re-checked by this single-twin run
reproduce --src <repo> exit=0
VERDICT: REPRODUCED
reason:  two clean rebuilds on each of linux/arm64 of git 559d721f817c:. are byte-identical, HookHash FA5FA33200BEAAB217646AF0B8529C6025BFD410CC2FEFCF2F52957F70918B8C, sidecar regenerated byte-identical; builder.platforms_built linux/arm64 is the original build's record, NOT re-checked by this single-twin run
reproduce --git <repo> exit=0
VERDICT: REPRODUCED
reason:  two clean rebuilds on each of linux/arm64 of git 559d721f817c:. are byte-identical, HookHash FA5FA33200BEAAB217646AF0B8529C6025BFD410CC2FEFCF2F52957F70918B8C, sidecar regenerated byte-identical; builder.platforms_built linux/arm64 is the original build's record, NOT re-checked by this single-twin run
reproduce --git <clean clone of same commit> exit=0
VERDICT: REPRODUCED
reason:  two clean rebuilds on each of linux/arm64 of git 559d721f817c:. are byte-identical, HookHash FA5FA33200BEAAB217646AF0B8529C6025BFD410CC2FEFCF2F52957F70918B8C, sidecar regenerated byte-identical; builder.platforms_built linux/arm64 is the original build's record, NOT re-checked by this single-twin run
reproduce with GIT_NO_REPLACE_OBJECTS=1 exit=0
mirror has: refs/replace/ea33d2692025fb19debd6f400969433d54fee415
VERDICT: REPRODUCED
reason:  two clean rebuilds on each of linux/arm64 of git 559d721f817c:. are byte-identical, HookHash FA5FA33200BEAAB217646AF0B8529C6025BFD410CC2FEFCF2F52957F70918B8C, sidecar regenerated byte-identical; builder.platforms_built linux/arm64 is the original build's record, NOT re-checked by this single-twin run
reproduce --git <git clone --mirror> exit=0
