unpacking llvm
unpacking binaryen
unpacking wabt
unpacking libxml2
unpacking libicu72
unpacking error.h
unpacking extern.h
unpacking hookapi.h
unpacking macro.h
unpacking sfcodes.h
unpacking tts.h
unpacking ls_flags.h
unpacking tx_flags.h
docker build hook-repro/hookc-llvm22-amd64:f96756675eb248f2
unpacking llvm
unpacking binaryen
unpacking wabt
unpacking libxml2
unpacking libicu72
unpacking error.h
unpacking extern.h
unpacking hookapi.h
unpacking macro.h
unpacking sfcodes.h
unpacking tts.h
unpacking ls_flags.h
unpacking tx_flags.h
docker build hook-repro/hookc-llvm22:a42076d8eec09f68
