{
  "stem": "0.hook",
  "HookHash": "805351CE26FB79DA00647CEFED502F7E15C2ACCCE254F11DEFEDDCE241F8E9CA",
  "size": 808,
  "sha256": "5c572d41750440119473d729d2d146a3161ce09c699415cf0a138a2a3d16bb15",
  "platforms": {
    "linux/amd64": {
      "recipe": "xhc-bin127",
      "recipe_digest": "3478f2ab287852001e077e6d79d1a5118093b86ea3ae7329674eafcdfc88ec93",
      "image_id": "sha256:b83c5cb91ba4a47b310df69425c098d6c2f0b6f4a5f7bfa87952dfd93882b613",
      "builds_identical": true
    }
  },
  "WCE": {
    "hook": 149,
    "cbak": 7
  },
  "wce_reason": null,
  "warnings": [],
  "source": {
    "vcs": {
      "type": "git",
      "commit": "0a10b61b4f361384395a00ebc56e585f8389627f",
      "path": "",
      "tree": "ce026102306391a66f310e4838958481596277db",
      "dirty": false
    },
    "tree_sha256": "be7d5a118f7141de298b0acb46ec4b6a35cd29cfdfd32efa0d987f48dd9a3bb8",
    "file_count": 12,
    "entry": null
  }
}
